{
    "test_embeddings": {
        "content": [
            [
                [
                    {
                        "id": "test"
                    },
                    "embeddings.pt:md5,ced4b57d8a52c7b7284972c8b64cee25"
                ]
            ]
        ],
        "timestamp": "2026-04-02T23:05:03.483398",
        "meta": {
            "nf-test": "0.9.4",
            "nextflow": "25.10.4"
        }
    }
}