{
    "test_blank_latent_768x512": {
        "content": [
            [
                [
                    {
                        "id": "test"
                    },
                    "latent.pt:md5,059848eedd19995c8d5973e39519db59"
                ]
            ]
        ],
        "timestamp": "2026-04-02T23:05:22.249278",
        "meta": {
            "nf-test": "0.9.4",
            "nextflow": "25.10.4"
        }
    },
    "test_blank_latent_512x512": {
        "content": [
            [
                [
                    {
                        "id": "test"
                    },
                    "latent.pt:md5,601e21a8870a85de1d2bd222c6698020"
                ]
            ]
        ],
        "timestamp": "2026-04-02T23:05:19.020965",
        "meta": {
            "nf-test": "0.9.4",
            "nextflow": "25.10.4"
        }
    }
}